------------------------------------------------------------
TimeQuest Timing Analyzer Summary
------------------------------------------------------------

Type  : Slow 1100mV 85C Model Setup 'CLOCK'
Slack : -26.064
TNS   : -163.126

Type  : Slow 1100mV 85C Model Setup 'kbd_bowling_ctrl:k|kbdex_ctrl:kbdex_ctrl_inst|ps2_iobase:ps2_ctrl|sigtrigger'
Slack : -4.008
TNS   : -50.992

Type  : Slow 1100mV 85C Model Setup 'kbd_bowling_ctrl:k|kbdex_ctrl:kbdex_ctrl_inst|sigsend'
Slack : -2.818
TNS   : -2.818

Type  : Slow 1100mV 85C Model Setup 't|vga_component|divider|vga_pll_inst|altera_pll_i|general[0].gpll~PLL_OUTPUT_COUNTER|divclk'
Slack : 34.690
TNS   : 0.000

Type  : Slow 1100mV 85C Model Hold 'CLOCK'
Slack : 0.277
TNS   : 0.000

Type  : Slow 1100mV 85C Model Hold 'kbd_bowling_ctrl:k|kbdex_ctrl:kbdex_ctrl_inst|ps2_iobase:ps2_ctrl|sigtrigger'
Slack : 0.289
TNS   : 0.000

Type  : Slow 1100mV 85C Model Hold 't|vga_component|divider|vga_pll_inst|altera_pll_i|general[0].gpll~PLL_OUTPUT_COUNTER|divclk'
Slack : 0.350
TNS   : 0.000

Type  : Slow 1100mV 85C Model Hold 'kbd_bowling_ctrl:k|kbdex_ctrl:kbdex_ctrl_inst|sigsend'
Slack : 2.153
TNS   : 0.000

Type  : Slow 1100mV 85C Model Recovery 'kbd_bowling_ctrl:k|kbdex_ctrl:kbdex_ctrl_inst|sigsend'
Slack : -5.148
TNS   : -6.393

Type  : Slow 1100mV 85C Model Recovery 'kbd_bowling_ctrl:k|kbdex_ctrl:kbdex_ctrl_inst|ps2_iobase:ps2_ctrl|sigtrigger'
Slack : -3.724
TNS   : -43.191

Type  : Slow 1100mV 85C Model Recovery 'kbd_bowling_ctrl:k|kbdex_ctrl:kbdex_ctrl_inst|ps2_iobase:ps2_ctrl|parchecked'
Slack : -3.371
TNS   : -3.371

Type  : Slow 1100mV 85C Model Recovery 'CLOCK'
Slack : -2.567
TNS   : -92.148

Type  : Slow 1100mV 85C Model Removal 'CLOCK'
Slack : 0.105
TNS   : 0.000

Type  : Slow 1100mV 85C Model Removal 'kbd_bowling_ctrl:k|kbdex_ctrl:kbdex_ctrl_inst|ps2_iobase:ps2_ctrl|sigtrigger'
Slack : 0.526
TNS   : 0.000

Type  : Slow 1100mV 85C Model Removal 'kbd_bowling_ctrl:k|kbdex_ctrl:kbdex_ctrl_inst|sigsend'
Slack : 0.706
TNS   : 0.000

Type  : Slow 1100mV 85C Model Removal 'kbd_bowling_ctrl:k|kbdex_ctrl:kbdex_ctrl_inst|ps2_iobase:ps2_ctrl|parchecked'
Slack : 2.648
TNS   : 0.000

Type  : Slow 1100mV 85C Model Minimum Pulse Width 'kbd_bowling_ctrl:k|kbdex_ctrl:kbdex_ctrl_inst|ps2_iobase:ps2_ctrl|sigtrigger'
Slack : -0.394
TNS   : -12.391

Type  : Slow 1100mV 85C Model Minimum Pulse Width 'kbd_bowling_ctrl:k|kbdex_ctrl:kbdex_ctrl_inst|sigsend'
Slack : -0.394
TNS   : -1.047

Type  : Slow 1100mV 85C Model Minimum Pulse Width 'kbd_bowling_ctrl:k|kbdex_ctrl:kbdex_ctrl_inst|ps2_iobase:ps2_ctrl|parchecked'
Slack : -0.394
TNS   : -0.614

Type  : Slow 1100mV 85C Model Minimum Pulse Width 't|vga_component|divider|vga_pll_inst|altera_pll_i|general[0].gpll~FRACTIONAL_PLL|vcoph[0]'
Slack : 0.325
TNS   : 0.000

Type  : Slow 1100mV 85C Model Minimum Pulse Width 'CLOCK'
Slack : 8.875
TNS   : 0.000

Type  : Slow 1100mV 85C Model Minimum Pulse Width 't|vga_component|divider|vga_pll_inst|altera_pll_i|general[0].gpll~PLL_OUTPUT_COUNTER|divclk'
Slack : 18.635
TNS   : 0.000

Type  : Slow 1100mV 0C Model Setup 'CLOCK'
Slack : -27.284
TNS   : -154.039

Type  : Slow 1100mV 0C Model Setup 'kbd_bowling_ctrl:k|kbdex_ctrl:kbdex_ctrl_inst|ps2_iobase:ps2_ctrl|sigtrigger'
Slack : -4.019
TNS   : -51.226

Type  : Slow 1100mV 0C Model Setup 'kbd_bowling_ctrl:k|kbdex_ctrl:kbdex_ctrl_inst|sigsend'
Slack : -2.964
TNS   : -2.964

Type  : Slow 1100mV 0C Model Setup 't|vga_component|divider|vga_pll_inst|altera_pll_i|general[0].gpll~PLL_OUTPUT_COUNTER|divclk'
Slack : 34.748
TNS   : 0.000

Type  : Slow 1100mV 0C Model Hold 'CLOCK'
Slack : -0.058
TNS   : -0.168

Type  : Slow 1100mV 0C Model Hold 'kbd_bowling_ctrl:k|kbdex_ctrl:kbdex_ctrl_inst|ps2_iobase:ps2_ctrl|sigtrigger'
Slack : 0.223
TNS   : 0.000

Type  : Slow 1100mV 0C Model Hold 't|vga_component|divider|vga_pll_inst|altera_pll_i|general[0].gpll~PLL_OUTPUT_COUNTER|divclk'
Slack : 0.325
TNS   : 0.000

Type  : Slow 1100mV 0C Model Hold 'kbd_bowling_ctrl:k|kbdex_ctrl:kbdex_ctrl_inst|sigsend'
Slack : 2.303
TNS   : 0.000

Type  : Slow 1100mV 0C Model Recovery 'kbd_bowling_ctrl:k|kbdex_ctrl:kbdex_ctrl_inst|sigsend'
Slack : -4.909
TNS   : -6.084

Type  : Slow 1100mV 0C Model Recovery 'kbd_bowling_ctrl:k|kbdex_ctrl:kbdex_ctrl_inst|ps2_iobase:ps2_ctrl|sigtrigger'
Slack : -3.774
TNS   : -42.583

Type  : Slow 1100mV 0C Model Recovery 'kbd_bowling_ctrl:k|kbdex_ctrl:kbdex_ctrl_inst|ps2_iobase:ps2_ctrl|parchecked'
Slack : -3.451
TNS   : -3.451

Type  : Slow 1100mV 0C Model Recovery 'CLOCK'
Slack : -2.178
TNS   : -76.566

Type  : Slow 1100mV 0C Model Removal 'CLOCK'
Slack : -0.295
TNS   : -1.242

Type  : Slow 1100mV 0C Model Removal 'kbd_bowling_ctrl:k|kbdex_ctrl:kbdex_ctrl_inst|ps2_iobase:ps2_ctrl|sigtrigger'
Slack : 0.457
TNS   : 0.000

Type  : Slow 1100mV 0C Model Removal 'kbd_bowling_ctrl:k|kbdex_ctrl:kbdex_ctrl_inst|sigsend'
Slack : 0.652
TNS   : 0.000

Type  : Slow 1100mV 0C Model Removal 'kbd_bowling_ctrl:k|kbdex_ctrl:kbdex_ctrl_inst|ps2_iobase:ps2_ctrl|parchecked'
Slack : 2.757
TNS   : 0.000

Type  : Slow 1100mV 0C Model Minimum Pulse Width 'kbd_bowling_ctrl:k|kbdex_ctrl:kbdex_ctrl_inst|ps2_iobase:ps2_ctrl|sigtrigger'
Slack : -0.394
TNS   : -12.196

Type  : Slow 1100mV 0C Model Minimum Pulse Width 'kbd_bowling_ctrl:k|kbdex_ctrl:kbdex_ctrl_inst|sigsend'
Slack : -0.394
TNS   : -1.036

Type  : Slow 1100mV 0C Model Minimum Pulse Width 'kbd_bowling_ctrl:k|kbdex_ctrl:kbdex_ctrl_inst|ps2_iobase:ps2_ctrl|parchecked'
Slack : -0.394
TNS   : -0.601

Type  : Slow 1100mV 0C Model Minimum Pulse Width 't|vga_component|divider|vga_pll_inst|altera_pll_i|general[0].gpll~FRACTIONAL_PLL|vcoph[0]'
Slack : 0.325
TNS   : 0.000

Type  : Slow 1100mV 0C Model Minimum Pulse Width 'CLOCK'
Slack : 8.828
TNS   : 0.000

Type  : Slow 1100mV 0C Model Minimum Pulse Width 't|vga_component|divider|vga_pll_inst|altera_pll_i|general[0].gpll~PLL_OUTPUT_COUNTER|divclk'
Slack : 18.611
TNS   : 0.000

Type  : Fast 1100mV 85C Model Setup 'CLOCK'
Slack : -5.449
TNS   : -77.967

Type  : Fast 1100mV 85C Model Setup 'kbd_bowling_ctrl:k|kbdex_ctrl:kbdex_ctrl_inst|ps2_iobase:ps2_ctrl|sigtrigger'
Slack : -1.908
TNS   : -22.718

Type  : Fast 1100mV 85C Model Setup 'kbd_bowling_ctrl:k|kbdex_ctrl:kbdex_ctrl_inst|sigsend'
Slack : -1.326
TNS   : -1.326

Type  : Fast 1100mV 85C Model Setup 't|vga_component|divider|vga_pll_inst|altera_pll_i|general[0].gpll~PLL_OUTPUT_COUNTER|divclk'
Slack : 36.608
TNS   : 0.000

Type  : Fast 1100mV 85C Model Hold 'kbd_bowling_ctrl:k|kbdex_ctrl:kbdex_ctrl_inst|ps2_iobase:ps2_ctrl|sigtrigger'
Slack : -0.075
TNS   : -0.084

Type  : Fast 1100mV 85C Model Hold 'CLOCK'
Slack : 0.178
TNS   : 0.000

Type  : Fast 1100mV 85C Model Hold 't|vga_component|divider|vga_pll_inst|altera_pll_i|general[0].gpll~PLL_OUTPUT_COUNTER|divclk'
Slack : 0.206
TNS   : 0.000

Type  : Fast 1100mV 85C Model Hold 'kbd_bowling_ctrl:k|kbdex_ctrl:kbdex_ctrl_inst|sigsend'
Slack : 1.046
TNS   : 0.000

Type  : Fast 1100mV 85C Model Recovery 'kbd_bowling_ctrl:k|kbdex_ctrl:kbdex_ctrl_inst|sigsend'
Slack : -3.325
TNS   : -3.891

Type  : Fast 1100mV 85C Model Recovery 'CLOCK'
Slack : -1.824
TNS   : -67.288

Type  : Fast 1100mV 85C Model Recovery 'kbd_bowling_ctrl:k|kbdex_ctrl:kbdex_ctrl_inst|ps2_iobase:ps2_ctrl|sigtrigger'
Slack : -1.799
TNS   : -19.701

Type  : Fast 1100mV 85C Model Recovery 'kbd_bowling_ctrl:k|kbdex_ctrl:kbdex_ctrl_inst|ps2_iobase:ps2_ctrl|parchecked'
Slack : -1.514
TNS   : -1.514

Type  : Fast 1100mV 85C Model Removal 'kbd_bowling_ctrl:k|kbdex_ctrl:kbdex_ctrl_inst|ps2_iobase:ps2_ctrl|sigtrigger'
Slack : 0.057
TNS   : 0.000

Type  : Fast 1100mV 85C Model Removal 'CLOCK'
Slack : 0.079
TNS   : 0.000

Type  : Fast 1100mV 85C Model Removal 'kbd_bowling_ctrl:k|kbdex_ctrl:kbdex_ctrl_inst|sigsend'
Slack : 0.198
TNS   : 0.000

Type  : Fast 1100mV 85C Model Removal 'kbd_bowling_ctrl:k|kbdex_ctrl:kbdex_ctrl_inst|ps2_iobase:ps2_ctrl|parchecked'
Slack : 1.250
TNS   : 0.000

Type  : Fast 1100mV 85C Model Minimum Pulse Width 'kbd_bowling_ctrl:k|kbdex_ctrl:kbdex_ctrl_inst|ps2_iobase:ps2_ctrl|parchecked'
Slack : 0.010
TNS   : 0.000

Type  : Fast 1100mV 85C Model Minimum Pulse Width 'kbd_bowling_ctrl:k|kbdex_ctrl:kbdex_ctrl_inst|ps2_iobase:ps2_ctrl|sigtrigger'
Slack : 0.021
TNS   : 0.000

Type  : Fast 1100mV 85C Model Minimum Pulse Width 'kbd_bowling_ctrl:k|kbdex_ctrl:kbdex_ctrl_inst|sigsend'
Slack : 0.126
TNS   : 0.000

Type  : Fast 1100mV 85C Model Minimum Pulse Width 't|vga_component|divider|vga_pll_inst|altera_pll_i|general[0].gpll~FRACTIONAL_PLL|vcoph[0]'
Slack : 0.325
TNS   : 0.000

Type  : Fast 1100mV 85C Model Minimum Pulse Width 'CLOCK'
Slack : 8.812
TNS   : 0.000

Type  : Fast 1100mV 85C Model Minimum Pulse Width 't|vga_component|divider|vga_pll_inst|altera_pll_i|general[0].gpll~PLL_OUTPUT_COUNTER|divclk'
Slack : 18.745
TNS   : 0.000

Type  : Fast 1100mV 0C Model Setup 'CLOCK'
Slack : -3.925
TNS   : -57.521

Type  : Fast 1100mV 0C Model Setup 'kbd_bowling_ctrl:k|kbdex_ctrl:kbdex_ctrl_inst|ps2_iobase:ps2_ctrl|sigtrigger'
Slack : -1.824
TNS   : -20.929

Type  : Fast 1100mV 0C Model Setup 'kbd_bowling_ctrl:k|kbdex_ctrl:kbdex_ctrl_inst|sigsend'
Slack : -1.325
TNS   : -1.325

Type  : Fast 1100mV 0C Model Setup 't|vga_component|divider|vga_pll_inst|altera_pll_i|general[0].gpll~PLL_OUTPUT_COUNTER|divclk'
Slack : 36.921
TNS   : 0.000

Type  : Fast 1100mV 0C Model Hold 'kbd_bowling_ctrl:k|kbdex_ctrl:kbdex_ctrl_inst|ps2_iobase:ps2_ctrl|sigtrigger'
Slack : -0.128
TNS   : -0.228

Type  : Fast 1100mV 0C Model Hold 'CLOCK'
Slack : -0.098
TNS   : -0.196

Type  : Fast 1100mV 0C Model Hold 't|vga_component|divider|vga_pll_inst|altera_pll_i|general[0].gpll~PLL_OUTPUT_COUNTER|divclk'
Slack : 0.188
TNS   : 0.000

Type  : Fast 1100mV 0C Model Hold 'kbd_bowling_ctrl:k|kbdex_ctrl:kbdex_ctrl_inst|sigsend'
Slack : 1.061
TNS   : 0.000

Type  : Fast 1100mV 0C Model Recovery 'kbd_bowling_ctrl:k|kbdex_ctrl:kbdex_ctrl_inst|sigsend'
Slack : -2.855
TNS   : -3.307

Type  : Fast 1100mV 0C Model Recovery 'kbd_bowling_ctrl:k|kbdex_ctrl:kbdex_ctrl_inst|ps2_iobase:ps2_ctrl|sigtrigger'
Slack : -1.732
TNS   : -17.497

Type  : Fast 1100mV 0C Model Recovery 'kbd_bowling_ctrl:k|kbdex_ctrl:kbdex_ctrl_inst|ps2_iobase:ps2_ctrl|parchecked'
Slack : -1.489
TNS   : -1.489

Type  : Fast 1100mV 0C Model Recovery 'CLOCK'
Slack : -1.339
TNS   : -48.066

Type  : Fast 1100mV 0C Model Removal 'CLOCK'
Slack : -0.200
TNS   : -1.045

Type  : Fast 1100mV 0C Model Removal 'kbd_bowling_ctrl:k|kbdex_ctrl:kbdex_ctrl_inst|ps2_iobase:ps2_ctrl|sigtrigger'
Slack : 0.000
TNS   : 0.000

Type  : Fast 1100mV 0C Model Removal 'kbd_bowling_ctrl:k|kbdex_ctrl:kbdex_ctrl_inst|sigsend'
Slack : 0.137
TNS   : 0.000

Type  : Fast 1100mV 0C Model Removal 'kbd_bowling_ctrl:k|kbdex_ctrl:kbdex_ctrl_inst|ps2_iobase:ps2_ctrl|parchecked'
Slack : 1.239
TNS   : 0.000

Type  : Fast 1100mV 0C Model Minimum Pulse Width 'kbd_bowling_ctrl:k|kbdex_ctrl:kbdex_ctrl_inst|ps2_iobase:ps2_ctrl|parchecked'
Slack : 0.044
TNS   : 0.000

Type  : Fast 1100mV 0C Model Minimum Pulse Width 'kbd_bowling_ctrl:k|kbdex_ctrl:kbdex_ctrl_inst|ps2_iobase:ps2_ctrl|sigtrigger'
Slack : 0.053
TNS   : 0.000

Type  : Fast 1100mV 0C Model Minimum Pulse Width 'kbd_bowling_ctrl:k|kbdex_ctrl:kbdex_ctrl_inst|sigsend'
Slack : 0.131
TNS   : 0.000

Type  : Fast 1100mV 0C Model Minimum Pulse Width 't|vga_component|divider|vga_pll_inst|altera_pll_i|general[0].gpll~FRACTIONAL_PLL|vcoph[0]'
Slack : 0.325
TNS   : 0.000

Type  : Fast 1100mV 0C Model Minimum Pulse Width 'CLOCK'
Slack : 8.804
TNS   : 0.000

Type  : Fast 1100mV 0C Model Minimum Pulse Width 't|vga_component|divider|vga_pll_inst|altera_pll_i|general[0].gpll~PLL_OUTPUT_COUNTER|divclk'
Slack : 18.745
TNS   : 0.000

------------------------------------------------------------
